// Jest Snapshot v1, https://goo.gl/fbAQLP

exports[`Empty should render correctly with no props 1`] = `
<div>
  Your favourites list is empty
</div>
`;
