// Jest Snapshot v1, https://goo.gl/fbAQLP

exports[`Loading should render correctly with no props 1`] = `
<div>
  loading...
</div>
`;
